********* Start testing of DesktopTest *********
Config: Using QtTest library 6.5.3, Qt 6.5.3 (x86_64-little_endian-lp64 shared (dynamic) release build; by GCC 10.3.1 20210422 (Red Hat 10.3.1-1)), ubuntu 22.04
PASS   : DesktopTest::initTestCase()
QWARN  : DesktopTest::userCharging() This plugin does not support propagateSizeHints()
QWARN  : DesktopTest::userCharging() This plugin does not support propagateSizeHints()
QWARN  : DesktopTest::userCharging() This plugin does not support propagateSizeHints()
QWARN  : DesktopTest::userCharging() This plugin does not support propagateSizeHints()
QWARN  : DesktopTest::userCharging() This plugin does not support propagateSizeHints()
QWARN  : DesktopTest::userCharging() This plugin does not support propagateSizeHints()
QWARN  : DesktopTest::userCharging() This plugin does not support propagateSizeHints()
QWARN  : DesktopTest::userCharging() This plugin does not support propagateSizeHints()
QWARN  : DesktopTest::userCharging() This plugin does not support propagateSizeHints()
QWARN  : DesktopTest::userCharging() This plugin does not support propagateSizeHints()
QWARN  : DesktopTest::userCharging() This plugin does not support propagateSizeHints()
QWARN  : DesktopTest::userCharging() This plugin does not support propagateSizeHints()
QWARN  : DesktopTest::userCharging() This plugin does not support propagateSizeHints()
PASS   : DesktopTest::userCharging()
QWARN  : DesktopTest::adminNative() This plugin does not support propagateSizeHints()
QWARN  : DesktopTest::adminNative() This plugin does not support propagateSizeHints()
QWARN  : DesktopTest::adminNative() This plugin does not support propagateSizeHints()
QWARN  : DesktopTest::adminNative() This plugin does not support propagateSizeHints()
QWARN  : DesktopTest::adminNative() This plugin does not support propagateSizeHints()
QWARN  : DesktopTest::adminNative() This plugin does not support propagateSizeHints()
QWARN  : DesktopTest::adminNative() This plugin does not support propagateSizeHints()
QWARN  : DesktopTest::adminNative() This plugin does not support propagateSizeHints()
QWARN  : DesktopTest::adminNative() This plugin does not support propagateSizeHints()
QWARN  : DesktopTest::adminNative() This plugin does not support propagateSizeHints()
PASS   : DesktopTest::adminNative()
PASS   : DesktopTest::externalPaymentUpdatesOpenStatistics()
PASS   : DesktopTest::cleanupTestCase()
Totals: 5 passed, 0 failed, 0 skipped, 0 blacklisted, 6268ms
********* Finished testing of DesktopTest *********
Isolated Qt test schema removed; live business data untouched.
