same_period business PASS 0.009 seconds
same_period station-1041 PASS 0.006 seconds
same_period station-1075 PASS 0.006 seconds
same_period station-1176 PASS 0.006 seconds
same_period station-1268 PASS 0.006 seconds
same_period station-1362 PASS 0.006 seconds
same_period station-1599 PASS 0.006 seconds
same_period station-1606 PASS 0.006 seconds
same_period station-2043 PASS 0.006 seconds
same_period station-2068 PASS 0.006 seconds
same_period station-2406 PASS 0.006 seconds
same_period station-2426 PASS 0.006 seconds
same_period station-2555 PASS 0.006 seconds
same_period all PASS 0.215 seconds
artifact business PASS 0.003 seconds
artifact station-1041 PASS 0.002 seconds
artifact station-1075 PASS 0.002 seconds
artifact station-1176 PASS 0.002 seconds
artifact station-1268 PASS 0.002 seconds
artifact station-1362 PASS 0.002 seconds
artifact station-1599 PASS 0.002 seconds
artifact station-1606 PASS 0.002 seconds
artifact station-2043 PASS 0.002 seconds
artifact station-2068 PASS 0.002 seconds
artifact station-2406 PASS 0.002 seconds
artifact station-2426 PASS 0.002 seconds
artifact station-2555 PASS 0.002 seconds
artifact all PASS 0.002 seconds
PASS all 14 scopes in both modes, 28 requests, valid series/date/interval contracts
